// Jest Snapshot v1, https://goo.gl/fbAQLP

exports[`SocialGround profile page matches snapshot 1`] = `
<div
  id="react-root"
>
  <div
    aria-disabled="false"
    role="button"
  >
    <a
      href="/feed"
      onClick={[Function]}
    >
      <img
        alt="sg-logo-small"
        className="sg-logo-small"
        src={Object {}}
      />
    </a>
  </div>
  <div
    className="main-body"
  >
    <div
      className="profile-bar"
    >
      <div
        aria-disabled="false"
        role="button"
      >
        <img
          alt="default-user"
          className="default-user"
          placeholder={Object {}}
          src={Object {}}
        />
      </div>
      <span
        className="profile-username"
      />
      <span
        className="posts"
      >
        Posts
      </span>
      <span
        className="followers"
      >
        Followers
      </span>
      <span
        className="following"
      >
        Following
      </span>
      <span
        className="posts-count"
      />
      <a
        href="/Find"
        onClick={[Function]}
      >
        <span
          className="followers-count"
        />
      </a>
      <a
        href="/Find"
        onClick={[Function]}
      >
        <span
          className="following-count"
        />
      </a>
      <div
        aria-disabled="false"
        role="button"
      >
        <a
          href="/upload"
          onClick={[Function]}
        >
          <img
            alt="circled-plus"
            className="circled-plus"
            src={Object {}}
          />
        </a>
      </div>
      <div
        aria-disabled="false"
        role="button"
      >
        <a
          href="/setting"
          onClick={[Function]}
        >
          <img
            alt="user-setting"
            className="user-setting"
            src={Object {}}
          />
        </a>
      </div>
    </div>
    <div
      className="boxes"
    >
      <a
        href="/post/undefined"
        onClick={[Function]}
      >
        <div
          className="box1"
        >
          <img
            alt=""
            height="100%"
            width="100%"
          />
        </div>
      </a>
      <a
        href="/post/undefined"
        onClick={[Function]}
      >
        <div
          className="box2"
        >
          <img
            alt=""
            height="100%"
            width="100%"
          />
        </div>
      </a>
      <a
        href="/post/undefined"
        onClick={[Function]}
      >
        <div
          className="box3"
        >
          <img
            alt=""
            height="100%"
            width="100%"
          />
        </div>
      </a>
      <a
        href="/post/undefined"
        onClick={[Function]}
      >
        <div
          className="box4"
        >
          <img
            alt=""
            height="100%"
            width="100%"
          />
        </div>
      </a>
      <a
        href="/post/undefined"
        onClick={[Function]}
      >
        <div
          className="box5"
        >
          <img
            alt=""
            height="100%"
            width="100%"
          />
        </div>
      </a>
      <a
        href="/post/undefined"
        onClick={[Function]}
      >
        <div
          className="box6"
        >
          <img
            alt=""
            height="100%"
            width="100%"
          />
        </div>
      </a>
      <a
        href="/post/undefined"
        onClick={[Function]}
      >
        <div
          className="box7"
        >
          <img
            alt=""
            height="100%"
            width="100%"
          />
        </div>
      </a>
      <a
        href="/post/undefined"
        onClick={[Function]}
      >
        <div
          className="box8"
        >
          <img
            alt=""
            height="100%"
            width="100%"
          />
        </div>
      </a>
      <a
        href="/post/undefined"
        onClick={[Function]}
      >
        <div
          className="box9"
        >
          <img
            alt=""
            height="100%"
            width="100%"
          />
        </div>
      </a>
    </div>
  </div>
</div>
`;
