// Jest Snapshot v1, https://goo.gl/fbAQLP

exports[`SocialGround profile page matches snapshot 1`] = `
<div
  id="react-root"
>
  <div
    aria-disabled="false"
    role="button"
  >
    <a
      href="/ActivityFeed"
      onClick={[Function]}
    >
      <img
        alt="sg-logo-small"
        className="sg-logo-small"
        src={Object {}}
      />
    </a>
  </div>
  <div
    className="main-body"
  >
    <div
      aria-disabled="false"
      role="button"
    >
      <img
        alt="user-logo"
        className="user-logo"
        src={Object {}}
      />
    </div>
    <div
      aria-disabled="false"
      role="button"
    >
      <a
        href="/upload"
        onClick={[Function]}
      >
        <img
          alt="circled-plus"
          className="circled-plus"
          src={Object {}}
        />
      </a>
    </div>
    <span
      className="username"
    >
      Username
    </span>
    <span
      className="posts"
    >
      Posts
    </span>
    <span
      className="followers"
    >
      Followers
    </span>
    <span
      className="following"
    >
      Following
    </span>
    <span
      className="posts-count"
    >
      0
    </span>
    <span
      className="followers-count"
    >
      0
    </span>
    <span
      className="following-count"
    >
      0
    </span>
    <div
      className="boxes"
    >
      <div
        className="box1"
      >
        <img
          alt=""
          height="450"
          src=""
          width="450"
        />
      </div>
      <div
        className="box2"
      />
      <div
        className="box3"
      />
      <div
        className="box4"
      />
      <div
        className="box5"
      />
      <div
        className="box6"
      />
      <div
        className="box7"
      />
      <div
        className="box8"
      />
      <div
        className="box9"
      />
    </div>
  </div>
</div>
`;
